[0] "Aged Brie, -2, 1"
[1] "Aged Brie, -2, 2"
[2] "Aged Brie, -2, 3"
[3] "Aged Brie, -2, 50"
[4] "Aged Brie, -2, 50"
[5] "Aged Brie, -2, 51"
[6] "Aged Brie, -1, 1"
[7] "Aged Brie, -1, 2"
[8] "Aged Brie, -1, 3"
[9] "Aged Brie, -1, 50"
[10] "Aged Brie, -1, 50"
[11] "Aged Brie, -1, 51"
[12] "Aged Brie, 0, 0"
[13] "Aged Brie, 0, 1"
[14] "Aged Brie, 0, 2"
[15] "Aged Brie, 0, 50"
[16] "Aged Brie, 0, 50"
[17] "Aged Brie, 0, 51"
[18] "Aged Brie, 4, 0"
[19] "Aged Brie, 4, 1"
[20] "Aged Brie, 4, 2"
[21] "Aged Brie, 4, 50"
[22] "Aged Brie, 4, 50"
[23] "Aged Brie, 4, 51"
[24] "Aged Brie, 5, 0"
[25] "Aged Brie, 5, 1"
[26] "Aged Brie, 5, 2"
[27] "Aged Brie, 5, 50"
[28] "Aged Brie, 5, 50"
[29] "Aged Brie, 5, 51"
[30] "Aged Brie, 6, 0"
[31] "Aged Brie, 6, 1"
[32] "Aged Brie, 6, 2"
[33] "Aged Brie, 6, 50"
[34] "Aged Brie, 6, 50"
[35] "Aged Brie, 6, 51"
[36] "Aged Brie, 9, 0"
[37] "Aged Brie, 9, 1"
[38] "Aged Brie, 9, 2"
[39] "Aged Brie, 9, 50"
[40] "Aged Brie, 9, 50"
[41] "Aged Brie, 9, 51"
[42] "Aged Brie, 10, 0"
[43] "Aged Brie, 10, 1"
[44] "Aged Brie, 10, 2"
[45] "Aged Brie, 10, 50"
[46] "Aged Brie, 10, 50"
[47] "Aged Brie, 10, 51"
[48] "Aged Brie, 11, 0"
[49] "Aged Brie, 11, 1"
[50] "Aged Brie, 11, 2"
[51] "Aged Brie, 11, 50"
[52] "Aged Brie, 11, 50"
[53] "Aged Brie, 11, 51"
[54] "Backstage passes to a TAFKAL80ETC concert, -2, 0"
[55] "Backstage passes to a TAFKAL80ETC concert, -2, 0"
[56] "Backstage passes to a TAFKAL80ETC concert, -2, 0"
[57] "Backstage passes to a TAFKAL80ETC concert, -2, 0"
[58] "Backstage passes to a TAFKAL80ETC concert, -2, 0"
[59] "Backstage passes to a TAFKAL80ETC concert, -2, 0"
[60] "Backstage passes to a TAFKAL80ETC concert, -1, 0"
[61] "Backstage passes to a TAFKAL80ETC concert, -1, 0"
[62] "Backstage passes to a TAFKAL80ETC concert, -1, 0"
[63] "Backstage passes to a TAFKAL80ETC concert, -1, 0"
[64] "Backstage passes to a TAFKAL80ETC concert, -1, 0"
[65] "Backstage passes to a TAFKAL80ETC concert, -1, 0"
[66] "Backstage passes to a TAFKAL80ETC concert, 0, 2"
[67] "Backstage passes to a TAFKAL80ETC concert, 0, 3"
[68] "Backstage passes to a TAFKAL80ETC concert, 0, 4"
[69] "Backstage passes to a TAFKAL80ETC concert, 0, 50"
[70] "Backstage passes to a TAFKAL80ETC concert, 0, 50"
[71] "Backstage passes to a TAFKAL80ETC concert, 0, 51"
[72] "Backstage passes to a TAFKAL80ETC concert, 4, 2"
[73] "Backstage passes to a TAFKAL80ETC concert, 4, 3"
[74] "Backstage passes to a TAFKAL80ETC concert, 4, 4"
[75] "Backstage passes to a TAFKAL80ETC concert, 4, 50"
[76] "Backstage passes to a TAFKAL80ETC concert, 4, 50"
[77] "Backstage passes to a TAFKAL80ETC concert, 4, 51"
[78] "Backstage passes to a TAFKAL80ETC concert, 5, 1"
[79] "Backstage passes to a TAFKAL80ETC concert, 5, 2"
[80] "Backstage passes to a TAFKAL80ETC concert, 5, 3"
[81] "Backstage passes to a TAFKAL80ETC concert, 5, 50"
[82] "Backstage passes to a TAFKAL80ETC concert, 5, 50"
[83] "Backstage passes to a TAFKAL80ETC concert, 5, 51"
[84] "Backstage passes to a TAFKAL80ETC concert, 6, 1"
[85] "Backstage passes to a TAFKAL80ETC concert, 6, 2"
[86] "Backstage passes to a TAFKAL80ETC concert, 6, 3"
[87] "Backstage passes to a TAFKAL80ETC concert, 6, 50"
[88] "Backstage passes to a TAFKAL80ETC concert, 6, 50"
[89] "Backstage passes to a TAFKAL80ETC concert, 6, 51"
[90] "Backstage passes to a TAFKAL80ETC concert, 9, 1"
[91] "Backstage passes to a TAFKAL80ETC concert, 9, 2"
[92] "Backstage passes to a TAFKAL80ETC concert, 9, 3"
[93] "Backstage passes to a TAFKAL80ETC concert, 9, 50"
[94] "Backstage passes to a TAFKAL80ETC concert, 9, 50"
[95] "Backstage passes to a TAFKAL80ETC concert, 9, 51"
[96] "Backstage passes to a TAFKAL80ETC concert, 10, 0"
[97] "Backstage passes to a TAFKAL80ETC concert, 10, 1"
[98] "Backstage passes to a TAFKAL80ETC concert, 10, 2"
[99] "Backstage passes to a TAFKAL80ETC concert, 10, 50"
[100] "Backstage passes to a TAFKAL80ETC concert, 10, 50"
[101] "Backstage passes to a TAFKAL80ETC concert, 10, 51"
[102] "Backstage passes to a TAFKAL80ETC concert, 11, 0"
[103] "Backstage passes to a TAFKAL80ETC concert, 11, 1"
[104] "Backstage passes to a TAFKAL80ETC concert, 11, 2"
[105] "Backstage passes to a TAFKAL80ETC concert, 11, 50"
[106] "Backstage passes to a TAFKAL80ETC concert, 11, 50"
[107] "Backstage passes to a TAFKAL80ETC concert, 11, 51"
[108] "Sulfuras, Hand of Ragnaros, -1, -1"
[109] "Sulfuras, Hand of Ragnaros, -1, 0"
[110] "Sulfuras, Hand of Ragnaros, -1, 1"
[111] "Sulfuras, Hand of Ragnaros, -1, 49"
[112] "Sulfuras, Hand of Ragnaros, -1, 50"
[113] "Sulfuras, Hand of Ragnaros, -1, 51"
[114] "Sulfuras, Hand of Ragnaros, 0, -1"
[115] "Sulfuras, Hand of Ragnaros, 0, 0"
[116] "Sulfuras, Hand of Ragnaros, 0, 1"
[117] "Sulfuras, Hand of Ragnaros, 0, 49"
[118] "Sulfuras, Hand of Ragnaros, 0, 50"
[119] "Sulfuras, Hand of Ragnaros, 0, 51"
[120] "Sulfuras, Hand of Ragnaros, 1, -1"
[121] "Sulfuras, Hand of Ragnaros, 1, 0"
[122] "Sulfuras, Hand of Ragnaros, 1, 1"
[123] "Sulfuras, Hand of Ragnaros, 1, 49"
[124] "Sulfuras, Hand of Ragnaros, 1, 50"
[125] "Sulfuras, Hand of Ragnaros, 1, 51"
[126] "Sulfuras, Hand of Ragnaros, 5, -1"
[127] "Sulfuras, Hand of Ragnaros, 5, 0"
[128] "Sulfuras, Hand of Ragnaros, 5, 1"
[129] "Sulfuras, Hand of Ragnaros, 5, 49"
[130] "Sulfuras, Hand of Ragnaros, 5, 50"
[131] "Sulfuras, Hand of Ragnaros, 5, 51"
[132] "Sulfuras, Hand of Ragnaros, 6, -1"
[133] "Sulfuras, Hand of Ragnaros, 6, 0"
[134] "Sulfuras, Hand of Ragnaros, 6, 1"
[135] "Sulfuras, Hand of Ragnaros, 6, 49"
[136] "Sulfuras, Hand of Ragnaros, 6, 50"
[137] "Sulfuras, Hand of Ragnaros, 6, 51"
[138] "Sulfuras, Hand of Ragnaros, 7, -1"
[139] "Sulfuras, Hand of Ragnaros, 7, 0"
[140] "Sulfuras, Hand of Ragnaros, 7, 1"
[141] "Sulfuras, Hand of Ragnaros, 7, 49"
[142] "Sulfuras, Hand of Ragnaros, 7, 50"
[143] "Sulfuras, Hand of Ragnaros, 7, 51"
[144] "Sulfuras, Hand of Ragnaros, 10, -1"
[145] "Sulfuras, Hand of Ragnaros, 10, 0"
[146] "Sulfuras, Hand of Ragnaros, 10, 1"
[147] "Sulfuras, Hand of Ragnaros, 10, 49"
[148] "Sulfuras, Hand of Ragnaros, 10, 50"
[149] "Sulfuras, Hand of Ragnaros, 10, 51"
[150] "Sulfuras, Hand of Ragnaros, 11, -1"
[151] "Sulfuras, Hand of Ragnaros, 11, 0"
[152] "Sulfuras, Hand of Ragnaros, 11, 1"
[153] "Sulfuras, Hand of Ragnaros, 11, 49"
[154] "Sulfuras, Hand of Ragnaros, 11, 50"
[155] "Sulfuras, Hand of Ragnaros, 11, 51"
[156] "Sulfuras, Hand of Ragnaros, 12, -1"
[157] "Sulfuras, Hand of Ragnaros, 12, 0"
[158] "Sulfuras, Hand of Ragnaros, 12, 1"
[159] "Sulfuras, Hand of Ragnaros, 12, 49"
[160] "Sulfuras, Hand of Ragnaros, 12, 50"
[161] "Sulfuras, Hand of Ragnaros, 12, 51"
[162] "Conjured Item, -2, -1"
[163] "Conjured Item, -2, 0"
[164] "Conjured Item, -2, -1"
[165] "Conjured Item, -2, 45"
[166] "Conjured Item, -2, 46"
[167] "Conjured Item, -2, 47"
[168] "Conjured Item, -1, -1"
[169] "Conjured Item, -1, 0"
[170] "Conjured Item, -1, -1"
[171] "Conjured Item, -1, 45"
[172] "Conjured Item, -1, 46"
[173] "Conjured Item, -1, 47"
[174] "Conjured Item, 0, -1"
[175] "Conjured Item, 0, 0"
[176] "Conjured Item, 0, -1"
[177] "Conjured Item, 0, 47"
[178] "Conjured Item, 0, 48"
[179] "Conjured Item, 0, 49"
[180] "Conjured Item, 4, -1"
[181] "Conjured Item, 4, 0"
[182] "Conjured Item, 4, -1"
[183] "Conjured Item, 4, 47"
[184] "Conjured Item, 4, 48"
[185] "Conjured Item, 4, 49"
[186] "Conjured Item, 5, -1"
[187] "Conjured Item, 5, 0"
[188] "Conjured Item, 5, -1"
[189] "Conjured Item, 5, 47"
[190] "Conjured Item, 5, 48"
[191] "Conjured Item, 5, 49"
[192] "Conjured Item, 6, -1"
[193] "Conjured Item, 6, 0"
[194] "Conjured Item, 6, -1"
[195] "Conjured Item, 6, 47"
[196] "Conjured Item, 6, 48"
[197] "Conjured Item, 6, 49"
[198] "Conjured Item, 9, -1"
[199] "Conjured Item, 9, 0"
[200] "Conjured Item, 9, -1"
[201] "Conjured Item, 9, 47"
[202] "Conjured Item, 9, 48"
[203] "Conjured Item, 9, 49"
[204] "Conjured Item, 10, -1"
[205] "Conjured Item, 10, 0"
[206] "Conjured Item, 10, -1"
[207] "Conjured Item, 10, 47"
[208] "Conjured Item, 10, 48"
[209] "Conjured Item, 10, 49"
[210] "Conjured Item, 11, -1"
[211] "Conjured Item, 11, 0"
[212] "Conjured Item, 11, -1"
[213] "Conjured Item, 11, 47"
[214] "Conjured Item, 11, 48"
[215] "Conjured Item, 11, 49"
[216] "Any Other Item, -2, -1"
[217] "Any Other Item, -2, 0"
[218] "Any Other Item, -2, 0"
[219] "Any Other Item, -2, 47"
[220] "Any Other Item, -2, 48"
[221] "Any Other Item, -2, 49"
[222] "Any Other Item, -1, -1"
[223] "Any Other Item, -1, 0"
[224] "Any Other Item, -1, 0"
[225] "Any Other Item, -1, 47"
[226] "Any Other Item, -1, 48"
[227] "Any Other Item, -1, 49"
[228] "Any Other Item, 0, -1"
[229] "Any Other Item, 0, 0"
[230] "Any Other Item, 0, 0"
[231] "Any Other Item, 0, 48"
[232] "Any Other Item, 0, 49"
[233] "Any Other Item, 0, 50"
[234] "Any Other Item, 4, -1"
[235] "Any Other Item, 4, 0"
[236] "Any Other Item, 4, 0"
[237] "Any Other Item, 4, 48"
[238] "Any Other Item, 4, 49"
[239] "Any Other Item, 4, 50"
[240] "Any Other Item, 5, -1"
[241] "Any Other Item, 5, 0"
[242] "Any Other Item, 5, 0"
[243] "Any Other Item, 5, 48"
[244] "Any Other Item, 5, 49"
[245] "Any Other Item, 5, 50"
[246] "Any Other Item, 6, -1"
[247] "Any Other Item, 6, 0"
[248] "Any Other Item, 6, 0"
[249] "Any Other Item, 6, 48"
[250] "Any Other Item, 6, 49"
[251] "Any Other Item, 6, 50"
[252] "Any Other Item, 9, -1"
[253] "Any Other Item, 9, 0"
[254] "Any Other Item, 9, 0"
[255] "Any Other Item, 9, 48"
[256] "Any Other Item, 9, 49"
[257] "Any Other Item, 9, 50"
[258] "Any Other Item, 10, -1"
[259] "Any Other Item, 10, 0"
[260] "Any Other Item, 10, 0"
[261] "Any Other Item, 10, 48"
[262] "Any Other Item, 10, 49"
[263] "Any Other Item, 10, 50"
[264] "Any Other Item, 11, -1"
[265] "Any Other Item, 11, 0"
[266] "Any Other Item, 11, 0"
[267] "Any Other Item, 11, 48"
[268] "Any Other Item, 11, 49"
[269] "Any Other Item, 11, 50"
